// Jest Snapshot v1, https://goo.gl/fbAQLP

exports[`Image renders correctly 1`] = `
<img
  alt="alt-text"
  className="css-class-name"
  src="test.png"
/>
`;
